// Jest Snapshot v1, https://goo.gl/fbAQLP

exports[`Suggestion renders correctly 1`] = `
<p>
  <a
    href="/sign-up"
  >
    Â¿AÃºn no tengo cuenta?
  </a>
   Pero deseo registrarme
   
  <span
    aria-label="feliz"
    role="img"
  >
    ðŸ™‚
  </span>
</p>
`;
